// Jest Snapshot v1, https://goo.gl/fbAQLP

exports[`Input field snapshot tests Renders the component 1`] = `
<input
  onChange={[Function]}
  placeholder="placeholder text"
  type="text"
  value=""
/>
`;
