// Jest Snapshot v1, https://goo.gl/fbAQLP

exports[`Button snapshot tests Renders the component 1`] = `
<div
  className="py-4"
>
  <button
    className="bg-blue-500 hover:bg-blue-700 text-white font-bold py-2 px-4 rounded focus:outline-none focus:shadow-outline"
    onClick={[Function]}
  >
    button label
  </button>
</div>
`;
