// Jest Snapshot v1, https://goo.gl/fbAQLP

exports[`Display text snapshot tests Renders the component 1`] = `
<p
  className="py-10"
>
  This is some test display text
</p>
`;
